2026-10-07 23:36:40,538 INFO Verifying checksums of sisu-guice-2.1.7-noaop.jar
2026-10-07 23:36:40,540 INFO Verifying checksums of maven-archiver-3.6.5.jar
2026-10-07 23:36:40,540 INFO Verifying checksums of plexus-languages-1.6.0.pom
2026-10-07 23:36:40,540 INFO Verifying checksums of doxia-skin-model-1.11.1.jar
2026-10-07 23:36:40,540 INFO Verifying checksums of asm-9.9.1.jar
2026-10-07 23:36:40,541 INFO Verifying checksums of apache-19.pom
2026-10-07 23:36:40,541 INFO Verifying checksums of junit-bom-5.10.1.pom
2026-10-07 23:36:40,541 INFO Verifying checksums of commons-parent-45.pom
2026-10-07 23:36:40,542 INFO Verifying checksums of flexmark-formatter-0.42.14.jar
2026-10-07 23:36:40,542 INFO Verifying checksums of commons-parent-47.pom
2026-10-07 23:36:40,542 INFO Verifying checksums of plexus-compilers-2.16.2.pom
2026-10-07 23:36:40,542 INFO Verifying checksums of flexmark-all-0.42.14.jar
2026-10-07 23:36:40,542 INFO Verifying checksums of velocity-1.6.2.jar
2026-10-07 23:36:40,543 INFO Verifying checksums of maven-shared-components-43.pom
2026-10-07 23:36:40,544 INFO Verifying checksums of commons-parent-39.pom
2026-10-07 23:36:40,544 INFO Verifying checksums of xz-1.9.jar
2026-10-07 23:36:40,544 INFO Verifying checksums of maven-settings-builder-3.0.jar
2026-10-07 23:36:40,544 INFO Verifying checksums of maven-parent-44.pom
2026-10-07 23:36:40,544 INFO Verifying checksums of httpcomponents-core-4.4.13.pom
2026-10-07 23:36:40,545 INFO Verifying checksums of plexus-archiver-4.10.2.jar
2026-10-07 23:36:40,545 INFO Verifying checksums of commons-codec-1.11.jar
2026-10-07 23:36:40,546 INFO Verifying checksums of plexus-languages-1.5.2.pom
2026-10-07 23:36:40,546 INFO Verifying checksums of maven-surefire-plugin-3.6.0.jar
2026-10-07 23:36:40,546 INFO Verifying checksums of commons-io-2.21.0.jar
2026-10-07 23:36:40,547 INFO Verifying checksums of xbean-3.7.pom
2026-10-07 23:36:40,548 INFO Verifying checksums of apiguardian-api-1.1.2.jar
2026-10-07 23:36:40,548 INFO Verifying checksums of doxia-decoration-model-1.11.1.jar
2026-10-07 23:36:40,548 INFO Verifying checksums of autolink-0.6.0.jar
2026-10-07 23:36:40,548 INFO Verifying checksums of maven-parent-49.pom
2026-10-07 23:36:40,548 INFO Verifying checksums of plexus-20.pom
2026-10-07 23:36:40,548 INFO Verifying checksums of commons-text-1.3.jar
2026-10-07 23:36:40,549 INFO Verifying checksums of flexmark-ext-gfm-strikethrough-0.42.14.jar
2026-10-07 23:36:40,549 INFO Verifying checksums of commons-codec-1.19.0.jar
2026-10-07 23:36:40,550 INFO Verifying checksums of sisu-inject-0.3.5.pom
2026-10-07 23:36:40,550 INFO Verifying checksums of flexmark-ext-jekyll-tag-0.42.14.jar
2026-10-07 23:36:40,550 INFO Verifying checksums of flexmark-ext-tables-0.42.14.jar
2026-10-07 23:36:40,551 INFO Verifying checksums of maven-parent-47.pom
2026-10-07 23:36:40,551 INFO Verifying checksums of aether-api-1.7.jar
2026-10-07 23:36:40,551 INFO Verifying checksums of javax.servlet-api-3.1.0.jar
2026-10-07 23:36:40,551 INFO Verifying checksums of maven-shared-components-45.pom
2026-10-07 23:36:40,551 INFO Verifying checksums of commons-logging-1.2.jar
2026-10-07 23:36:40,552 INFO Verifying checksums of maven-parent-16.pom
2026-10-07 23:36:40,552 INFO Verifying checksums of flexmark-ext-wikilink-0.42.14.jar
2026-10-07 23:36:40,552 INFO Verifying checksums of javaparser-core-3.28.2.jar
2026-10-07 23:36:40,556 INFO Verifying checksums of maven-plugins-45.pom
2026-10-07 23:36:40,557 INFO Verifying checksums of doxia-module-markdown-1.11.1.jar
2026-10-07 23:36:40,557 INFO Verifying checksums of maven-parent-36.pom
2026-10-07 23:36:40,557 INFO Verifying checksums of maven-parent-35.pom
2026-10-07 23:36:40,557 INFO Verifying checksums of aether-api-1.0.0.v20140518.jar
2026-10-07 23:36:40,558 INFO Verifying checksums of httpcomponents-client-4.5.13.pom
2026-10-07 23:36:40,558 INFO Verifying checksums of sisu-parent-1.4.2.pom
2026-10-07 23:36:40,559 INFO Verifying checksums of flexmark-ext-ins-0.42.14.jar
2026-10-07 23:36:40,559 INFO Verifying checksums of apache-26.pom
2026-10-07 23:36:40,559 INFO Verifying checksums of maven-artifact-3.1.1.jar
2026-10-07 23:36:40,559 INFO Verifying checksums of maven-artifact-2.2.1.jar
2026-10-07 23:36:40,560 INFO Verifying checksums of maven-archiver-3.5.2.jar
2026-10-07 23:36:40,560 INFO Verifying checksums of maven-parent-25.pom
2026-10-07 23:36:40,560 INFO Verifying checksums of maven-lockfile-5.18.4.jar
2026-10-07 23:36:40,561 INFO Verifying checksums of maven-model-builder-3.2.5.jar
2026-10-07 23:36:40,562 INFO Verifying checksums of genesis-default-flava-2.0.pom
2026-10-07 23:36:40,562 INFO Verifying checksums of commons-collections-3.2.2.jar
2026-10-07 23:36:40,564 INFO Verifying checksums of plexus-2.0.6.pom
2026-10-07 23:36:40,564 INFO Verifying checksums of commons-io-2.6.jar
2026-10-07 23:36:40,565 INFO Verifying checksums of surefire-extensions-spi-3.6.0.jar
2026-10-07 23:36:40,566 INFO Verifying checksums of junit-jupiter-6.1.3.jar
2026-10-07 23:36:40,566 INFO Verifying checksums of apache-21.pom
2026-10-07 23:36:40,566 INFO Verifying checksums of commons-compress-1.20.jar
2026-10-07 23:36:40,567 INFO Verifying checksums of flexmark-ext-attributes-0.42.14.jar
2026-10-07 23:36:40,567 INFO Verifying checksums of flexmark-ext-gfm-issues-0.42.14.jar
2026-10-07 23:36:40,568 INFO Verifying checksums of maven-shared-components-15.pom
2026-10-07 23:36:40,568 INFO Verifying checksums of commons-collections-3.1.jar
2026-10-07 23:36:40,569 INFO Verifying checksums of surefire-api-3.6.0.jar
2026-10-07 23:36:40,570 INFO Verifying checksums of maven-settings-3.2.5.jar
2026-10-07 23:36:40,570 INFO Verifying checksums of plexus-io-3.2.0.jar
2026-10-07 23:36:40,570 INFO Verifying checksums of apache-13.pom
2026-10-07 23:36:40,570 INFO Verifying checksums of maven-core-3.1.1.jar
2026-10-07 23:36:40,573 INFO Verifying checksums of maven-filtering-3.4.0.jar
2026-10-07 23:36:40,573 INFO Verifying checksums of javaparser-parent-3.28.2.pom
2026-10-07 23:36:40,573 INFO Verifying checksums of asm-9.10.1.jar
2026-10-07 23:36:40,574 INFO Verifying checksums of surefire-shared-utils-3.6.0.jar
2026-10-07 23:36:40,582 INFO Verifying checksums of maven-resolver-api-1.9.22.jar
2026-10-07 23:36:40,582 INFO Verifying checksums of maven-settings-3.0.jar
2026-10-07 23:36:40,582 INFO Verifying checksums of forge-parent-6.pom
2026-10-07 23:36:40,583 INFO Verifying checksums of plexus-io-3.6.0.jar
2026-10-07 23:36:40,583 INFO Verifying checksums of flexmark-youtrack-converter-0.42.14.jar
2026-10-07 23:36:40,583 INFO Verifying checksums of jackson-bom-2.19.2.pom
2026-10-07 23:36:40,583 INFO Verifying checksums of maven-model-3.1.1.jar
2026-10-07 23:36:40,584 INFO Verifying checksums of plexus-compiler-javac-2.16.2.jar
2026-10-07 23:36:40,584 INFO Verifying checksums of maven-shared-utils-3.3.4.jar
2026-10-07 23:36:40,584 INFO Verifying checksums of commons-lang3-3.8.1.jar
2026-10-07 23:36:40,585 INFO Verifying checksums of spice-parent-17.pom
2026-10-07 23:36:40,585 INFO Verifying checksums of plexus-compiler-manager-2.16.2.jar
2026-10-07 23:36:40,585 INFO Verifying checksums of surefire-booter-3.6.0.jar
2026-10-07 23:36:40,586 INFO Verifying checksums of jetty-servlet-9.4.46.v20220331.jar
2026-10-07 23:36:40,586 INFO Verifying checksums of commons-parent-85.pom
2026-10-07 23:36:40,586 INFO Verifying checksums of javax.inject-1.jar
2026-10-07 23:36:40,587 INFO Verifying checksums of maven-shared-utils-3.3.3.jar
2026-10-07 23:36:40,587 INFO Verifying checksums of flexmark-ext-admonition-0.42.14.jar
2026-10-07 23:36:40,587 INFO Verifying checksums of flexmark-ext-youtube-embedded-0.42.14.jar
2026-10-07 23:36:40,587 INFO Verifying checksums of snappy-0.4.jar
2026-10-07 23:36:40,588 INFO Verifying checksums of google-collections-1.0.jar
2026-10-07 23:36:40,589 INFO Verifying checksums of commons-parent-81.pom
2026-10-07 23:36:40,589 INFO Verifying checksums of commons-lang3-3.20.0.jar
2026-10-07 23:36:40,591 INFO Verifying checksums of commons-collections-3.2.1.jar
2026-10-07 23:36:40,593 INFO Verifying checksums of jetty-io-9.4.46.v20220331.jar
2026-10-07 23:36:40,594 INFO Verifying checksums of plexus-interpolation-1.14.jar
2026-10-07 23:36:40,594 INFO Verifying checksums of apache-33.pom
2026-10-07 23:36:40,594 INFO Verifying checksums of flexmark-ext-aside-0.42.14.jar
2026-10-07 23:36:40,595 INFO Verifying checksums of commons-io-2.16.1.jar
2026-10-07 23:36:40,596 INFO Verifying checksums of maven-reporting-api-3.1.1.jar
2026-10-07 23:36:40,597 INFO Verifying checksums of plexus-interpolation-1.21.jar
2026-10-07 23:36:40,597 INFO Verifying checksums of maven-model-3.0.jar
2026-10-07 23:36:40,598 INFO Verifying checksums of google-1.pom
2026-10-07 23:36:40,598 INFO Verifying checksums of junit-bom-5.12.1.pom
2026-10-07 23:36:40,598 INFO Verifying checksums of plexus-components-1.1.12.pom
2026-10-07 23:36:40,598 INFO Verifying checksums of plexus-velocity-1.2.jar
2026-10-07 23:36:40,598 INFO Verifying checksums of forge-parent-38.pom
2026-10-07 23:36:40,599 INFO Verifying checksums of commons-parent-42.pom
2026-10-07 23:36:40,599 INFO Verifying checksums of aopalliance-1.0.jar
2026-10-07 23:36:40,599 INFO Verifying checksums of jspecify-1.0.0.jar
2026-10-07 23:36:40,599 INFO Verifying checksums of plexus-utils-4.0.2.jar
2026-10-07 23:36:40,600 INFO Verifying checksums of maven-aether-provider-3.0.jar
2026-10-07 23:36:40,600 INFO Verifying checksums of junit-bom-5.14.4.pom
2026-10-07 23:36:40,601 INFO Verifying checksums of junit-bom-5.7.2.pom
2026-10-07 23:36:40,601 INFO Verifying checksums of slf4j-parent-1.7.5.pom
2026-10-07 23:36:40,601 INFO Verifying checksums of plexus-containers-1.0-alpha-30.pom
2026-10-07 23:36:40,601 INFO Verifying checksums of plexus-sec-dispatcher-1.3.jar
2026-10-07 23:36:40,601 INFO Verifying checksums of flexmark-jira-converter-0.42.14.jar
2026-10-07 23:36:40,602 INFO Verifying checksums of maven-parent-43.pom
2026-10-07 23:36:40,602 INFO Verifying checksums of apache-23.pom
2026-10-07 23:36:40,602 INFO Verifying checksums of maven-resources-plugin-3.4.0.jar
2026-10-07 23:36:40,602 INFO Verifying checksums of httpcore-4.4.13.jar
2026-10-07 23:36:40,603 INFO Verifying checksums of qdox-2.2.0.jar
2026-10-07 23:36:40,604 INFO Verifying checksums of spice-parent-12.pom
2026-10-07 23:36:40,605 INFO Verifying checksums of commons-collections-3.2.jar
2026-10-07 23:36:40,606 INFO Verifying checksums of junit-platform-engine-6.1.3.jar
2026-10-07 23:36:40,607 INFO Verifying checksums of plexus-components-1.1.18.pom
2026-10-07 23:36:40,607 INFO Verifying checksums of plexus-utils-3.4.2.jar
2026-10-07 23:36:40,608 INFO Verifying checksums of guice-bean-1.4.2.pom
2026-10-07 23:36:40,608 INFO Verifying checksums of oss-parent-9.pom
2026-10-07 23:36:40,608 INFO Verifying checksums of flexmark-ext-gfm-users-0.42.14.jar
2026-10-07 23:36:40,609 INFO Verifying checksums of dom4j-1.1.jar
2026-10-07 23:36:40,610 INFO Verifying checksums of commons-parent-91.pom
2026-10-07 23:36:40,610 INFO Verifying checksums of maven-reporting-api-3.1.0.jar
2026-10-07 23:36:40,610 INFO Verifying checksums of plexus-components-1.3.1.pom
2026-10-07 23:36:40,610 INFO Verifying checksums of commons-lang-2.4.jar
2026-10-07 23:36:40,611 INFO Verifying checksums of maven-reporting-exec-1.6.0.jar
2026-10-07 23:36:40,611 INFO Verifying checksums of apache-4.pom
2026-10-07 23:36:40,611 INFO Verifying checksums of junit-bom-5.8.2.pom
2026-10-07 23:36:40,611 INFO Verifying checksums of flexmark-ext-gfm-tasklist-0.42.14.jar
2026-10-07 23:36:40,612 INFO Verifying checksums of flexmark-ext-emoji-0.42.14.jar
2026-10-07 23:36:40,612 INFO Verifying checksums of aether-spi-1.0.0.v20140518.jar
2026-10-07 23:36:40,612 INFO Verifying checksums of maven-parent-34.pom
2026-10-07 23:36:40,612 INFO Verifying checksums of plexus-archiver-4.2.7.jar
2026-10-07 23:36:40,613 INFO Verifying checksums of jetty-util-ajax-9.4.46.v20220331.jar
2026-10-07 23:36:40,613 INFO Verifying checksums of log4j-api-2.26.1.jar
2026-10-07 23:36:40,614 INFO Verifying checksums of jetty-bom-10.0.26.pom
2026-10-07 23:36:40,614 INFO Verifying checksums of plexus-component-annotations-1.5.4.jar
2026-10-07 23:36:40,614 INFO Verifying checksums of maven-dependency-tree-3.3.0.jar
2026-10-07 23:36:40,614 INFO Verifying checksums of junit-jupiter-api-6.1.3.jar
2026-10-07 23:36:40,615 INFO Verifying checksums of groovy-bom-4.0.27.pom
2026-10-07 23:36:40,615 INFO Verifying checksums of commons-parent-52.pom
2026-10-07 23:36:40,616 INFO Verifying checksums of xbean-reflect-3.7.jar
2026-10-07 23:36:40,616 INFO Verifying checksums of plexus-1.0.10.pom
2026-10-07 23:36:40,616 INFO Verifying checksums of apache-37.pom
2026-10-07 23:36:40,616 INFO Verifying checksums of doxia-module-apt-1.11.1.jar
2026-10-07 23:36:40,616 INFO Verifying checksums of listenablefuture-9999.0-empty-to-avoid-conflict-with-guava.jar
2026-10-07 23:36:40,617 INFO Verifying checksums of forge-parent-10.pom
2026-10-07 23:36:40,617 INFO Verifying checksums of maven-parent-15.pom
2026-10-07 23:36:40,617 INFO Verifying checksums of httpcore-4.4.14.jar
2026-10-07 23:36:40,618 INFO Verifying checksums of commons-digester-1.8.jar
2026-10-07 23:36:40,618 INFO Verifying checksums of plexus-component-annotations-2.1.1.jar
2026-10-07 23:36:40,618 INFO Verifying checksums of maven-clean-plugin-3.2.0.jar
2026-10-07 23:36:40,618 INFO Verifying checksums of maven-aether-provider-3.2.5.jar
2026-10-07 23:36:40,619 INFO Verifying checksums of commons-parent-48.pom
2026-10-07 23:36:40,619 INFO Verifying checksums of maven-reporting-api-3.0.jar
2026-10-07 23:36:40,619 INFO Verifying checksums of sisu-inject-1.4.2.pom
2026-10-07 23:36:40,619 INFO Verifying checksums of doxia-module-twiki-1.11.1.jar
2026-10-07 23:36:40,619 INFO Verifying checksums of commons-lang3-3.7.jar
2026-10-07 23:36:40,621 INFO Verifying checksums of commons-lang3-3.18.0.jar
2026-10-07 23:36:40,622 INFO Verifying checksums of junit-bom-5.10.3.pom
2026-10-07 23:36:40,623 INFO Verifying checksums of plexus-8.pom
2026-10-07 23:36:40,623 INFO Verifying checksums of commons-compress-1.28.0.jar
2026-10-07 23:36:40,625 INFO Verifying checksums of log4j-bom-2.26.1.pom
2026-10-07 23:36:40,625 INFO Verifying checksums of commons-io-2.5.jar
2026-10-07 23:36:40,626 INFO Verifying checksums of aether-impl-1.0.0.v20140518.jar
2026-10-07 23:36:40,626 INFO Verifying checksums of junit-platform-engine-1.14.4.jar
2026-10-07 23:36:40,627 INFO Verifying checksums of doxia-core-1.11.1.jar
2026-10-07 23:36:40,628 INFO Verifying checksums of velocity-1.7.jar
2026-10-07 23:36:40,629 INFO Verifying checksums of guava-33.5.0-jre.jar
2026-10-07 23:36:40,635 INFO Verifying checksums of plexus-interpolation-1.26.jar
2026-10-07 23:36:40,636 INFO Verifying checksums of maven-common-artifact-filters-3.4.0.jar
2026-10-07 23:36:40,636 INFO Verifying checksums of plexus-compiler-2.16.2.pom
2026-10-07 23:36:40,636 INFO Verifying checksums of plexus-containers-2.1.1.pom
2026-10-07 23:36:40,636 INFO Verifying checksums of flexmark-ext-toc-0.42.14.jar
2026-10-07 23:36:40,636 INFO Verifying checksums of failureaccess-1.0.3.jar
2026-10-07 23:36:40,637 INFO Verifying checksums of plexus-utils-4.0.3.jar
2026-10-07 23:36:40,637 INFO Verifying checksums of oss-parent-69.pom
2026-10-07 23:36:40,637 INFO Verifying checksums of jetty-webapp-9.4.46.v20220331.jar
2026-10-07 23:36:40,638 INFO Verifying checksums of plexus-container-default-1.0-alpha-9-stable-1.jar
2026-10-07 23:36:40,638 INFO Verifying checksums of jetty-project-9.4.46.v20220331.pom
2026-10-07 23:36:40,638 INFO Verifying checksums of commons-parent-72.pom
2026-10-07 23:36:40,639 INFO Verifying checksums of maven-resolver-api-1.4.1.jar
2026-10-07 23:36:40,639 INFO Verifying checksums of plexus-java-1.5.2.jar
2026-10-07 23:36:40,639 INFO Verifying checksums of maven-plugin-api-3.0.jar
2026-10-07 23:36:40,639 INFO Verifying checksums of gson-parent-2.13.2.pom
2026-10-07 23:36:40,640 INFO Verifying checksums of plexus-24.pom
2026-10-07 23:36:40,640 INFO Verifying checksums of aether-util-1.0.0.v20140518.jar
2026-10-07 23:36:40,640 INFO Verifying checksums of maven-resolver-util-1.4.1.jar
2026-10-07 23:36:40,641 INFO Verifying checksums of cdi-api-1.2.jar
2026-10-07 23:36:40,641 INFO Verifying checksums of maven-resolver-util-1.9.27.jar
2026-10-07 23:36:40,642 INFO Verifying checksums of junit-jupiter-params-6.1.3.jar
2026-10-07 23:36:40,643 INFO Verifying checksums of opentest4j-1.3.0.jar
2026-10-07 23:36:40,643 INFO Verifying checksums of maven-surefire-common-3.6.0.jar
2026-10-07 23:36:40,644 INFO Verifying checksums of maven-3.1.1.pom
2026-10-07 23:36:40,644 INFO Verifying checksums of maven-3.0.pom
2026-10-07 23:36:40,644 INFO Verifying checksums of guava-16.0.1.jar
2026-10-07 23:36:40,649 INFO Verifying checksums of flexmark-ext-xwiki-macros-0.42.14.jar
2026-10-07 23:36:40,649 INFO Verifying checksums of apache-25.pom
2026-10-07 23:36:40,649 INFO Verifying checksums of junit-bom-5.11.0-M2.pom
2026-10-07 23:36:40,649 INFO Verifying checksums of jakarta.jakartaee-bom-9.1.0.pom
2026-10-07 23:36:40,649 INFO Verifying checksums of plexus-classworlds-2.5.2.jar
2026-10-07 23:36:40,650 INFO Verifying checksums of junit-bom-5.14.2.pom
2026-10-07 23:36:40,650 INFO Verifying checksums of sisu-guice-3.2.3-no_aop.jar
2026-10-07 23:36:40,651 INFO Verifying checksums of aether-util-1.7.jar
2026-10-07 23:36:40,651 INFO Verifying checksums of maven-parent-42.pom
2026-10-07 23:36:40,651 INFO Verifying checksums of maven-shared-components-44.pom
2026-10-07 23:36:40,651 INFO Verifying checksums of maven-model-builder-3.0.jar
2026-10-07 23:36:40,652 INFO Verifying checksums of plexus-components-4.0.pom
2026-10-07 23:36:40,652 INFO Verifying checksums of apache-18.pom
2026-10-07 23:36:40,652 INFO Verifying checksums of commons-parent-69.pom
2026-10-07 23:36:40,652 INFO Verifying checksums of oss-parent-7.pom
2026-10-07 23:36:40,652 INFO Verifying checksums of surefire-providers-3.6.0.pom
2026-10-07 23:36:40,653 INFO Verifying checksums of flexmark-ext-typographic-0.42.14.jar
2026-10-07 23:36:40,653 INFO Verifying checksums of surefire-junit-platform-3.6.0.jar
2026-10-07 23:36:40,653 INFO Verifying checksums of flexmark-ext-yaml-front-matter-0.42.14.jar
2026-10-07 23:36:40,653 INFO Verifying checksums of maven-settings-builder-3.2.5.jar
2026-10-07 23:36:40,653 INFO Verifying checksums of mockito-bom-4.11.0.pom
2026-10-07 23:36:40,653 INFO Verifying checksums of commons-io-2.11.0.jar
2026-10-07 23:36:40,654 INFO Verifying checksums of flexmark-html-parser-0.42.14.jar
2026-10-07 23:36:40,654 INFO Verifying checksums of plexus-containers-1.5.5.pom
2026-10-07 23:36:40,654 INFO Verifying checksums of plexus-interpolation-1.27.jar
2026-10-07 23:36:40,655 INFO Verifying checksums of maven-plugin-api-3.2.5.jar
2026-10-07 23:36:40,655 INFO Verifying checksums of doxia-1.11.1.pom
2026-10-07 23:36:40,655 INFO Verifying checksums of plexus-25.pom
2026-10-07 23:36:40,655 INFO Verifying checksums of testcontainers-bom-1.16.1.pom
2026-10-07 23:36:40,655 INFO Verifying checksums of sisu-inject-plexus-1.4.2.jar
2026-10-07 23:36:40,656 INFO Verifying checksums of maven-model-2.2.1.jar
2026-10-07 23:36:40,656 INFO Verifying checksums of plexus-27.pom
2026-10-07 23:36:40,656 INFO Verifying checksums of maven-repository-metadata-3.2.5.jar
2026-10-07 23:36:40,657 INFO Verifying checksums of jsoup-1.10.2.jar
2026-10-07 23:36:40,657 INFO Verifying checksums of plexus-java-1.6.0.jar
2026-10-07 23:36:40,658 INFO Verifying checksums of maven-shared-components-34.pom
2026-10-07 23:36:40,658 INFO Verifying checksums of file-management-3.2.0.jar
2026-10-07 23:36:40,658 INFO Verifying checksums of apache-5.pom
2026-10-07 23:36:40,658 INFO Verifying checksums of maven-artifact-3.0.jar
2026-10-07 23:36:40,658 INFO Verifying checksums of ow2-1.5.1.pom
2026-10-07 23:36:40,658 INFO Verifying checksums of maven-resolver-1.9.22.pom
2026-10-07 23:36:40,658 INFO Verifying checksums of junit-jupiter-engine-6.1.3.jar
2026-10-07 23:36:40,659 INFO Verifying checksums of plexus-2.0.5.pom
2026-10-07 23:36:40,659 INFO Verifying checksums of commons-io-2.20.0.jar
2026-10-07 23:36:40,660 INFO Verifying checksums of doxia-module-confluence-1.11.1.jar
2026-10-07 23:36:40,661 INFO Verifying checksums of junit-bom-5.14.1.pom
2026-10-07 23:36:40,661 INFO Verifying checksums of httpcomponents-parent-11.pom
2026-10-07 23:36:40,661 INFO Verifying checksums of apache-16.pom
2026-10-07 23:36:40,661 INFO Verifying checksums of flexmark-ext-gfm-tables-0.42.14.jar
2026-10-07 23:36:40,661 INFO Verifying checksums of maven-shared-components-39.pom
2026-10-07 23:36:40,661 INFO Verifying checksums of maven-deploy-plugin-3.1.4.jar
2026-10-07 23:36:40,662 INFO Verifying checksums of doxia-module-xdoc-1.11.1.jar
2026-10-07 23:36:40,662 INFO Verifying checksums of genesis-java5-flava-2.0.pom
2026-10-07 23:36:40,662 INFO Verifying checksums of aether-spi-1.7.jar
2026-10-07 23:36:40,662 INFO Verifying checksums of commons-lang3-3.16.0.jar
2026-10-07 23:36:40,663 INFO Verifying checksums of flexmark-ext-enumerated-reference-0.42.14.jar
2026-10-07 23:36:40,664 INFO Verifying checksums of flexmark-ext-abbreviation-0.42.14.jar
2026-10-07 23:36:40,664 INFO Verifying checksums of jvnet-parent-3.pom
2026-10-07 23:36:40,664 INFO Verifying checksums of maven-artifact-transfer-0.13.1.jar
2026-10-07 23:36:40,664 INFO Verifying checksums of commons-io-2.19.0.jar
2026-10-07 23:36:40,666 INFO Verifying checksums of forge-parent-5.pom
2026-10-07 23:36:40,666 INFO Verifying checksums of maven-parent-45.pom
2026-10-07 23:36:40,666 INFO Verifying checksums of doxia-sitetools-1.11.1.pom
2026-10-07 23:36:40,666 INFO Verifying checksums of flexmark-util-0.42.14.jar
2026-10-07 23:36:40,667 INFO Verifying checksums of flexmark-java-0.42.14.pom
2026-10-07 23:36:40,667 INFO Verifying checksums of maven-compiler-plugin-3.15.0.jar
2026-10-07 23:36:40,667 INFO Verifying checksums of aircompressor-0.27.jar
2026-10-07 23:36:40,668 INFO Verifying checksums of oro-2.0.8.jar
2026-10-07 23:36:40,668 INFO Verifying checksums of maven-shared-components-42.pom
2026-10-07 23:36:40,668 INFO Verifying checksums of doxia-module-fml-1.11.1.jar
2026-10-07 23:36:40,668 INFO Verifying checksums of junit-bom-6.1.3.pom
2026-10-07 23:36:40,669 INFO Verifying checksums of junit-bom-5.8.0-M1.pom
2026-10-07 23:36:40,669 INFO Verifying checksums of plexus-17.pom
2026-10-07 23:36:40,669 INFO Verifying checksums of junit-platform-commons-6.1.3.jar
2026-10-07 23:36:40,669 INFO Verifying checksums of flexmark-ext-media-tags-0.42.14.jar
2026-10-07 23:36:40,669 INFO Verifying checksums of velocity-tools-2.0.jar
2026-10-07 23:36:40,670 INFO Verifying checksums of commons-beanutils-1.7.0.jar
2026-10-07 23:36:40,671 INFO Verifying checksums of junit-bom-5.13.1.pom
2026-10-07 23:36:40,671 INFO Verifying checksums of maven-install-plugin-3.1.4.jar
2026-10-07 23:36:40,671 INFO Verifying checksums of zstd-jni-1.5.7-6.jar
2026-10-07 23:36:40,686 INFO Verifying checksums of maven-common-artifact-filters-3.1.0.jar
2026-10-07 23:36:40,686 INFO Verifying checksums of error_prone_annotations-2.41.0.jar
2026-10-07 23:36:40,686 INFO Verifying checksums of plexus-containers-1.5.4.pom
2026-10-07 23:36:40,686 INFO Verifying checksums of slf4j-api-1.7.5.jar
2026-10-07 23:36:40,687 INFO Verifying checksums of apache-31.pom
2026-10-07 23:36:40,687 INFO Verifying checksums of httpcomponents-core-4.4.14.pom
2026-10-07 23:36:40,687 INFO Verifying checksums of doxia-module-docbook-simple-1.11.1.jar
2026-10-07 23:36:40,687 INFO Verifying checksums of weld-parent-26.pom
2026-10-07 23:36:40,687 INFO Verifying checksums of maven-core-3.0.jar
2026-10-07 23:36:40,689 INFO Verifying checksums of commons-chain-1.1.jar
2026-10-07 23:36:40,689 INFO Verifying checksums of flexmark-ext-superscript-0.42.14.jar
2026-10-07 23:36:40,689 INFO Verifying checksums of guice-parent-3.2.3.pom
2026-10-07 23:36:40,689 INFO Verifying checksums of plexus-compiler-api-2.16.2.jar
2026-10-07 23:36:40,689 INFO Verifying checksums of surefire-logger-api-3.6.0.jar
2026-10-07 23:36:40,689 INFO Verifying checksums of maven-parent-11.pom
2026-10-07 23:36:40,690 INFO Verifying checksums of xz-1.10.jar
2026-10-07 23:36:40,690 INFO Verifying checksums of maven-plugin-api-2.2.1.jar
2026-10-07 23:36:40,690 INFO Verifying checksums of plexus-utils-4.0.1.jar
2026-10-07 23:36:40,691 INFO Verifying checksums of jetty-http-9.4.46.v20220331.jar
2026-10-07 23:36:40,691 INFO Verifying checksums of slf4j-api-1.7.36.jar
2026-10-07 23:36:40,691 INFO Verifying checksums of jetty-util-9.4.46.v20220331.jar
2026-10-07 23:36:40,693 INFO Verifying checksums of error_prone_parent-2.41.0.pom
2026-10-07 23:36:40,693 INFO Verifying checksums of flexmark-ext-footnotes-0.42.14.jar
2026-10-07 23:36:40,693 INFO Verifying checksums of jetty-security-9.4.46.v20220331.jar
2026-10-07 23:36:40,694 INFO Verifying checksums of maven-shared-components-33.pom
2026-10-07 23:36:40,694 INFO Verifying checksums of apache-32.pom
2026-10-07 23:36:40,694 INFO Verifying checksums of plexus-archiver-4.10.4.jar
2026-10-07 23:36:40,695 INFO Verifying checksums of plexus-2.0.7.pom
2026-10-07 23:36:40,695 INFO Verifying checksums of plexus-build-api-0.0.7.jar
2026-10-07 23:36:40,695 INFO Verifying checksums of maven-model-3.2.5.jar
2026-10-07 23:36:40,695 INFO Verifying checksums of jakartaee-api-parent-9.1.0.pom
2026-10-07 23:36:40,695 INFO Verifying checksums of httpclient-4.5.13.jar
2026-10-07 23:36:40,697 INFO Verifying checksums of plexus-container-default-1.0-alpha-30.jar
2026-10-07 23:36:40,698 INFO Verifying checksums of guava-parent-26.0-android.pom
2026-10-07 23:36:40,698 INFO Verifying checksums of plexus-interpolation-1.28.jar
2026-10-07 23:36:40,698 INFO Verifying checksums of maven-resolver-1.4.1.pom
2026-10-07 23:36:40,698 INFO Verifying checksums of apache-34.pom
2026-10-07 23:36:40,699 INFO Verifying checksums of flexmark-ext-jekyll-front-matter-0.42.14.jar
2026-10-07 23:36:40,699 INFO Verifying checksums of plexus-1.0.11.pom
2026-10-07 23:36:40,699 INFO Verifying checksums of flexmark-ext-gitlab-0.42.14.jar
2026-10-07 23:36:40,699 INFO Verifying checksums of jackson-parent-2.19.3.pom
2026-10-07 23:36:40,699 INFO Verifying checksums of junit-bom-5.13.4.pom
2026-10-07 23:36:40,699 INFO Verifying checksums of plexus-i18n-1.0-beta-10.jar
2026-10-07 23:36:40,699 INFO Verifying checksums of plexus-18.pom
2026-10-07 23:36:40,699 INFO Verifying checksums of log4j-core-2.26.1.jar
2026-10-07 23:36:40,704 INFO Verifying checksums of maven-plugins-43.pom
2026-10-07 23:36:40,704 INFO Verifying checksums of plexus-component-annotations-2.0.0.jar
2026-10-07 23:36:40,704 INFO Verifying checksums of maven-resolver-1.9.27.pom
2026-10-07 23:36:40,704 INFO Verifying checksums of airbase-112.pom
2026-10-07 23:36:40,704 INFO Verifying checksums of junit-platform-commons-1.14.4.jar
2026-10-07 23:36:40,705 INFO Verifying checksums of junit-bom-5.11.4.pom
2026-10-07 23:36:40,705 INFO Verifying checksums of jetty-xml-9.4.46.v20220331.jar
2026-10-07 23:36:40,705 INFO Verifying checksums of maven-resolver-2.0.14.pom
2026-10-07 23:36:40,705 INFO Verifying checksums of guice-plexus-1.4.2.pom
2026-10-07 23:36:40,705 INFO Verifying checksums of plexus-component-annotations-1.5.5.jar
2026-10-07 23:36:40,705 INFO Verifying checksums of slf4j-parent-1.7.36.pom
2026-10-07 23:36:40,706 INFO Verifying checksums of genesis-2.0.pom
2026-10-07 23:36:40,706 INFO Verifying checksums of flexmark-ext-anchorlink-0.42.14.jar
2026-10-07 23:36:40,706 INFO Verifying checksums of gson-2.13.2.jar
2026-10-07 23:36:40,706 INFO Verifying checksums of maven-jar-plugin-3.5.0.jar
2026-10-07 23:36:40,707 INFO Verifying checksums of commons-logging-1.1.jar
2026-10-07 23:36:40,707 INFO Verifying checksums of spring-framework-bom-5.3.39.pom
2026-10-07 23:36:40,707 INFO Verifying checksums of maven-resolver-api-1.9.27.jar
2026-10-07 23:36:40,707 INFO Verifying checksums of maven-shared-utils-3.4.2.jar
2026-10-07 23:36:40,708 INFO Verifying checksums of apache-39.pom
2026-10-07 23:36:40,708 INFO Verifying checksums of flexmark-profile-pegdown-0.42.14.jar
2026-10-07 23:36:40,708 INFO Verifying checksums of surefire-3.6.0.pom
2026-10-07 23:36:40,708 INFO Verifying checksums of commons-compress-1.21.jar
2026-10-07 23:36:40,710 INFO Verifying checksums of maven-shared-components-19.pom
2026-10-07 23:36:40,710 INFO Verifying checksums of plexus-6.5.pom
2026-10-07 23:36:40,711 INFO Verifying checksums of plexus-containers-2.0.0.pom
2026-10-07 23:36:40,711 INFO Verifying checksums of maven-artifact-3.2.5.jar
2026-10-07 23:36:40,711 INFO Verifying checksums of doxia-module-xhtml5-1.11.1.jar
2026-10-07 23:36:40,711 INFO Verifying checksums of org.eclipse.sisu.inject-0.3.5.jar
2026-10-07 23:36:40,712 INFO Verifying checksums of maven-shared-utils-3.1.0.jar
2026-10-07 23:36:40,712 INFO Verifying checksums of maven-shared-components-30.pom
2026-10-07 23:36:40,712 INFO Verifying checksums of plexus-classworlds-2.6.0.jar
2026-10-07 23:36:40,713 INFO Verifying checksums of maven-parent-33.pom
2026-10-07 23:36:40,713 INFO Verifying checksums of spice-parent-15.pom
2026-10-07 23:36:40,713 INFO Verifying checksums of maven-parent-39.pom
2026-10-07 23:36:40,713 INFO Verifying checksums of guava-parent-33.4.0-android.pom
2026-10-07 23:36:40,713 INFO Verifying checksums of apache-29.pom
2026-10-07 23:36:40,713 INFO Verifying checksums of commons-logging-1.0.3.jar
2026-10-07 23:36:40,714 INFO Verifying checksums of doxia-sink-api-1.11.1.jar
2026-10-07 23:36:40,714 INFO Verifying checksums of maven-plugins-35.pom
2026-10-07 23:36:40,714 INFO Verifying checksums of junit-bom-5.10.2.pom
2026-10-07 23:36:40,714 INFO Verifying checksums of commons-parent-34.pom
2026-10-07 23:36:40,714 INFO Verifying checksums of aether-impl-1.7.jar
2026-10-07 23:36:40,714 INFO Verifying checksums of plexus-16.pom
2026-10-07 23:36:40,715 INFO Verifying checksums of guava-parent-33.5.0-jre.pom
2026-10-07 23:36:40,715 INFO Verifying checksums of flexmark-0.42.14.jar
2026-10-07 23:36:40,716 INFO Verifying checksums of doxia-integration-tools-1.11.1.jar
2026-10-07 23:36:40,716 INFO Verifying checksums of apache-15.pom
2026-10-07 23:36:40,716 INFO Verifying checksums of sisu-plexus-0.3.5.pom
2026-10-07 23:36:40,716 INFO Verifying checksums of jboss-parent-36.pom
2026-10-07 23:36:40,716 INFO Verifying checksums of aether-parent-1.7.pom
2026-10-07 23:36:40,716 INFO Verifying checksums of maven-shared-incremental-1.1.jar
2026-10-07 23:36:40,717 INFO Verifying checksums of doxia-module-xhtml-1.11.1.jar
2026-10-07 23:36:40,717 INFO Verifying checksums of plexus-1.0.4.pom
2026-10-07 23:36:40,717 INFO Verifying checksums of apache-35.pom
2026-10-07 23:36:40,717 INFO Verifying checksums of guava-parent-16.0.1.pom
2026-10-07 23:36:40,717 INFO Verifying checksums of j2objc-annotations-3.1.jar
2026-10-07 23:36:40,717 INFO Verifying checksums of doxia-site-renderer-1.11.1.jar
2026-10-07 23:36:40,717 INFO Verifying checksums of plexus-containers-1.0.3.pom
2026-10-07 23:36:40,717 INFO Verifying checksums of doxia-modules-1.11.1.pom
2026-10-07 23:36:40,718 INFO Verifying checksums of infinispan-build-configuration-parent-11.0.15.Final.pom
2026-10-07 23:36:40,718 INFO Verifying checksums of infinispan-bom-11.0.15.Final.pom
2026-10-07 23:36:40,718 INFO Verifying checksums of plexus-4.0.pom
2026-10-07 23:36:40,718 INFO Verifying checksums of flexmark-ext-definition-0.42.14.jar
2026-10-07 23:36:40,718 INFO Verifying checksums of surefire-extensions-api-3.6.0.jar
2026-10-07 23:36:40,718 INFO Verifying checksums of plexus-containers-2.1.0.pom
2026-10-07 23:36:40,718 INFO Verifying checksums of maven-2.2.1.pom
2026-10-07 23:36:40,719 INFO Verifying checksums of maven-parent-30.pom
2026-10-07 23:36:40,719 INFO Verifying checksums of commons-parent-92.pom
2026-10-07 23:36:40,719 INFO Verifying checksums of maven-parent-23.pom
2026-10-07 23:36:40,719 INFO Verifying checksums of plexus-23.pom
2026-10-07 23:36:40,719 INFO Verifying checksums of plexus-classworlds-2.2.3.jar
2026-10-07 23:36:40,719 INFO Verifying checksums of jetty-server-9.4.46.v20220331.jar
2026-10-07 23:36:40,721 INFO Verifying checksums of flexmark-ext-autolink-0.42.14.jar
2026-10-07 23:36:40,721 INFO Verifying checksums of commons-parent-9.pom
2026-10-07 23:36:40,721 INFO Verifying checksums of plexus-utils-3.3.0.jar
2026-10-07 23:36:40,722 INFO Verifying checksums of apache-7.pom
2026-10-07 23:36:40,722 INFO Verifying checksums of aether-1.0.0.v20140518.pom
2026-10-07 23:36:40,722 INFO Verifying checksums of sisu-inject-bean-1.4.2.jar
2026-10-07 23:36:40,723 INFO Verifying checksums of maven-resolver-util-1.9.22.jar
2026-10-07 23:36:40,723 INFO Verifying checksums of apache-6.pom
2026-10-07 23:36:40,723 INFO Verifying checksums of maven-resolver-api-2.0.14.jar
2026-10-07 23:36:40,724 INFO Verifying checksums of junit-platform-launcher-6.1.3.jar
2026-10-07 23:36:40,724 INFO Verifying checksums of org.eclipse.sisu.plexus-0.3.5.jar
2026-10-07 23:36:40,725 INFO Verifying checksums of plexus-5.1.pom
2026-10-07 23:36:40,725 INFO Verifying checksums of maven-plugins-47.pom
2026-10-07 23:36:40,725 INFO Verifying checksums of junit-platform-launcher-1.14.4.jar
2026-10-07 23:36:40,726 INFO Verifying checksums of maven-core-3.2.5.jar
2026-10-07 23:36:40,727 INFO Verifying checksums of maven-3.2.5.pom
2026-10-07 23:36:40,727 INFO Verifying checksums of plexus-3.3.1.pom
2026-10-07 23:36:40,727 INFO Verifying checksums of log4j-2.26.1.pom
2026-10-07 23:36:40,728 INFO Verifying checksums of plexus-cipher-1.4.jar
2026-10-07 23:36:40,728 INFO Verifying checksums of maven-plugins-36.pom
2026-10-07 23:36:40,728 INFO Verifying checksums of maven-site-plugin-3.12.1.jar
2026-10-07 23:36:40,728 INFO Verifying checksums of flexmark-ext-macros-0.42.14.jar
2026-10-07 23:36:40,728 INFO Verifying checksums of plexus-xml-3.0.1.jar
2026-10-07 23:36:40,729 INFO Verifying checksums of forge-parent-4.pom
2026-10-07 23:36:40,729 INFO Verifying checksums of common-java5-3.6.0.jar
2026-10-07 23:36:40,729 INFO Verifying checksums of flexmark-ext-escaped-character-0.42.14.jar
2026-10-07 23:36:40,729 INFO Verifying checksums of doxia-logging-api-1.11.1.jar
2026-10-07 23:36:40,729 INFO Verifying checksums of plexus-container-default-2.1.0.jar
2026-10-07 23:36:40,730 INFO Verifying checksums of javax.annotation-api-1.2.jar
2026-10-07 23:36:40,730 INFO Verifying checksums of project-1.0.7.pom
2026-10-07 23:36:40,730 INFO Verifying checksums of maven-repository-metadata-3.0.jar
2026-10-07 23:36:40,730 INFO Verifying checksums of commons-digester-1.6.jar
2026-10-07 23:36:40,834 INFO All dependencies fetched successfully \o/
